[backblue.gif]
[fade.gif]
[index.html]
[wwws.betterment.com/index.html]
[wwws.betterment.com/app/login0e10.html]
[wwws.betterment.com/favicon.ico]
[wwws.betterment.com/favicon.png]
[wwws.betterment.com/assets/application-e68b5e08dcee6142f2630adb4abd4dd2c787b879df010e5e139e53eff6a5c0c7.css]
[wwws.betterment.com/assets/application-55e2a476012302b6822691990501093322b14cbaad7e6d82462bd7b876955e22.js]
[wwws.betterment.com/app/login.html]
[wwws.betterment.com/packs/js/runtime_application-2929f1d10661cf9b4a08.js]
[wwws.betterment.com/packs/js/application-3a163f962caddcf083a6.chunk.js]
[wwws.betterment.com/packs/css/vendors_application-9ce762df.chunk.css]
[wwws.betterment.com/packs/js/vendors_application-5add0b62a89a388d34d4.chunk.js]
[wwws.betterment.com/assets/touch_icons/betterment/apple-touch-icon-120x120-30f243a6a96f3b3c8e279f29beccbc5418bd461f5dc3e8fb8f054b95cc24b1a1.png]
[wwws.betterment.com/assets/touch_icons/betterment/apple-touch-icon-152x152-f68b2c6e92fd3f28f4c14a37e597182484a222c4a4d79544d2ac0063f5ab6cb0.png]
[wwws.betterment.com/assets/touch_icons/betterment/apple-touch-icon-167x167-2081ca8c29f7ad1e2d1cf70699b0e55b6501c568be303478ec023f46b9b7ca2f.png]
[wwws.betterment.com/assets/touch_icons/betterment/apple-touch-icon-192x192-1b21adc47206de32600c97e77714bc46ef565a7674c2b7c6505251eeb538b5ca.png]
[wwws.betterment.com/app/login0e10.html]
[wwws.betterment.com/app/login.html]
[wwws.betterment.com/app/password_resets/new.html]
[wwws.betterment.com/app/password_resets/new.html]
[wwws.betterment.com/assets/application-55e2a476012302b6822691990501093322b14cbaad7e6d82462bd7b876955e22.js]
[wwws.betterment.com/packs/js/vendors_application-5add0b62a89a388d34d4.chunk.js]
[wwws.betterment.com/packs/js/runtime_application-2929f1d10661cf9b4a08.js]
[wwws.betterment.com/assets/touch_icons/betterment/apple-touch-icon-120x120-30f243a6a96f3b3c8e279f29beccbc5418bd461f5dc3e8fb8f054b95cc24b1a1.png]
[wwws.betterment.com/assets/touch_icons/betterment/apple-touch-icon-167x167-2081ca8c29f7ad1e2d1cf70699b0e55b6501c568be303478ec023f46b9b7ca2f.png]
[wwws.betterment.com/assets/gt-america/GT-America-Standard-Light-de0b653f1adaacb771865f17b58e5ccddfd844938089b59ee2c1e502f27dce0ed41d.eot]
[wwws.betterment.com/assets/touch_icons/betterment/apple-touch-icon-192x192-1b21adc47206de32600c97e77714bc46ef565a7674c2b7c6505251eeb538b5ca.png]
[wwws.betterment.com/assets/gt-america/GT-America-Standard-Light-de0b653f1adaacb771865f17b58e5ccddfd844938089b59ee2c1e502f27dce0ed41d.eot]
[wwws.betterment.com/assets/style_closet/gradient-exclamation-ed123a950cb3bf30417e7e74c3f600296d069d506f8470f321d45f1dbc441d11.png]
[wwws.betterment.com/assets/application-e68b5e08dcee6142f2630adb4abd4dd2c787b879df010e5e139e53eff6a5c0c7.css]
[wwws.betterment.com/app/login.html]
[wwws.betterment.com/packs/css/vendors_application-9ce762df.chunk.css]
[www.googletagmanager.com/gtm5445.html]
[wwws.betterment.com/app/password_resets/new.html]
